Error: Unable to access jarfile kriolos-pos.jar
{"id":"log_1779143842990_display_start","timestamp":1779143842990,"location":"TicketParser.java:208","message":"Display tag found, setting OUTPUT_DISPLAY","data":{"outputType":1,"currentOutputTypeBefore":0},"sessionId":"debug-session","runId":"run1","hypothesisId":"E"}
{"id":"log_1779144081115_display_start","timestamp":1779144081115,"location":"TicketParser.java:208","message":"Display tag found, setting OUTPUT_DISPLAY","data":{"outputType":1,"currentOutputTypeBefore":0},"sessionId":"debug-session","runId":"run1","hypothesisId":"E"}
{"id":"log_1779144969456_display_start","timestamp":1779144969456,"location":"TicketParser.java:208","message":"Display tag found, setting OUTPUT_DISPLAY","data":{"outputType":1,"currentOutputTypeBefore":0},"sessionId":"debug-session","runId":"run1","hypothesisId":"E"}
{"id":"log_1779145485145_display_start","timestamp":1779145485145,"location":"TicketParser.java:208","message":"Display tag found, setting OUTPUT_DISPLAY","data":{"outputType":1,"currentOutputTypeBefore":0},"sessionId":"debug-session","runId":"run1","hypothesisId":"E"}
{"id":"log_1779145716140_display_start","timestamp":1779145716140,"location":"TicketParser.java:208","message":"Display tag found, setting OUTPUT_DISPLAY","data":{"outputType":1,"currentOutputTypeBefore":0},"sessionId":"debug-session","runId":"run1","hypothesisId":"E"}
{"id":"log_1779146016770_display_start","timestamp":1779146016770,"location":"TicketParser.java:208","message":"Display tag found, setting OUTPUT_DISPLAY","data":{"outputType":1,"currentOutputTypeBefore":0},"sessionId":"debug-session","runId":"run1","hypothesisId":"E"}
{"id":"log_1779146343671_display_start","timestamp":1779146343671,"location":"TicketParser.java:208","message":"Display tag found, setting OUTPUT_DISPLAY","data":{"outputType":1,"currentOutputTypeBefore":0},"sessionId":"debug-session","runId":"run1","hypothesisId":"E"}
{"id":"log_1779146518272_display_start","timestamp":1779146518272,"location":"TicketParser.java:208","message":"Display tag found, setting OUTPUT_DISPLAY","data":{"outputType":1,"currentOutputTypeBefore":0},"sessionId":"debug-session","runId":"run1","hypothesisId":"E"}
{"id":"log_1779369058165_display_start","timestamp":1779369058165,"location":"TicketParser.java:208","message":"Display tag found, setting OUTPUT_DISPLAY","data":{"outputType":1,"currentOutputTypeBefore":0},"sessionId":"debug-session","runId":"run1","hypothesisId":"E"}
{"id":"log_1779369316399_display_start","timestamp":1779369316399,"location":"TicketParser.java:208","message":"Display tag found, setting OUTPUT_DISPLAY","data":{"outputType":1,"currentOutputTypeBefore":0},"sessionId":"debug-session","runId":"run1","hypothesisId":"E"}
{"id":"log_1779372538040_display_start","timestamp":1779372538040,"location":"TicketParser.java:208","message":"Display tag found, setting OUTPUT_DISPLAY","data":{"outputType":1,"currentOutputTypeBefore":0},"sessionId":"debug-session","runId":"run1","hypothesisId":"E"}
{"id":"log_1779372799926_display_start","timestamp":1779372799926,"location":"TicketParser.java:208","message":"Display tag found, setting OUTPUT_DISPLAY","data":{"outputType":1,"currentOutputTypeBefore":0},"sessionId":"debug-session","runId":"run1","hypothesisId":"E"}
{"id":"log_1779373332172_display_start","timestamp":1779373332172,"location":"TicketParser.java:208","message":"Display tag found, setting OUTPUT_DISPLAY","data":{"outputType":1,"currentOutputTypeBefore":0},"sessionId":"debug-session","runId":"run1","hypothesisId":"E"}
{"id":"log_1779373451445_ticket_update_start","timestamp":1779373451445,"location":"JPanelTicket.java:843","message":"Starting Printer.Ticket template update","data":{},"sessionId":"debug-session","runId":"run1","hypothesisId":"A"}
{"id":"log_1779373451447_ticket_content_check","timestamp":1779373451447,"location":"JPanelTicket.java:863","message":"Printer.Ticket template content check","data":{"length":16044,"hasValor":true,"hasImporte":false,"hasCode7":false},"sessionId":"debug-session","runId":"run1","hypothesisId":"A"}
{"id":"log_1779373451452_ticket_updated","timestamp":1779373451452,"location":"JPanelTicket.java:865","message":"Printer.Ticket template updated in DB","data":{"length":16044},"sessionId":"debug-session","runId":"run1","hypothesisId":"A"}
{"id":"log_1779373451455_template_updated","timestamp":1779373451455,"location":"JPanelTicket.java:864","message":"Template Printer.Ticket2 updated in DB","data":{"length":14585,"hasTicket":true,"hasDisplay":true,"ticketFirst":true},"sessionId":"debug-session","runId":"run1","hypothesisId":"F"}
{"id":"log_1779373778786_display_start","timestamp":1779373778786,"location":"TicketParser.java:208","message":"Display tag found, setting OUTPUT_DISPLAY","data":{"outputType":1,"currentOutputTypeBefore":0},"sessionId":"debug-session","runId":"run1","hypothesisId":"E"}
{"id":"log_1779373790196_ticket_update_start","timestamp":1779373790196,"location":"JPanelTicket.java:843","message":"Starting Printer.Ticket template update","data":{},"sessionId":"debug-session","runId":"run1","hypothesisId":"A"}
{"id":"log_1779373790198_ticket_content_check","timestamp":1779373790198,"location":"JPanelTicket.java:863","message":"Printer.Ticket template content check","data":{"length":16044,"hasValor":true,"hasImporte":false,"hasCode7":false},"sessionId":"debug-session","runId":"run1","hypothesisId":"A"}
{"id":"log_1779373790204_ticket_updated","timestamp":1779373790204,"location":"JPanelTicket.java:865","message":"Printer.Ticket template updated in DB","data":{"length":16044},"sessionId":"debug-session","runId":"run1","hypothesisId":"A"}
{"id":"log_1779373790208_template_updated","timestamp":1779373790208,"location":"JPanelTicket.java:864","message":"Template Printer.Ticket2 updated in DB","data":{"length":14585,"hasTicket":true,"hasDisplay":true,"ticketFirst":true},"sessionId":"debug-session","runId":"run1","hypothesisId":"F"}
{"location":"JPanelTicket.java:1232","message":"addTicketLine called","data":{"productId":"xxx999_999xxx_x9x9x9","attSetInstId":null,"price":0.0,"multiply":1.0,"linesCount":0},"timestamp":1779373822099,"sessionId":"debug-session","runId":"run1","hypothesisId":"A"}
{"location":"JPanelTicket.java:1275","message":"No matching line found, adding new line","data":{},"timestamp":1779373822101,"sessionId":"debug-session","runId":"run1","hypothesisId":"A"}
{"id":"log_1779373822114_display_start","timestamp":1779373822114,"location":"TicketParser.java:208","message":"Display tag found, setting OUTPUT_DISPLAY","data":{"outputType":1,"currentOutputTypeBefore":0},"sessionId":"debug-session","runId":"run1","hypothesisId":"E"}
{"id":"log_1779373981602_display_start","timestamp":1779373981602,"location":"TicketParser.java:208","message":"Display tag found, setting OUTPUT_DISPLAY","data":{"outputType":1,"currentOutputTypeBefore":0},"sessionId":"debug-session","runId":"run1","hypothesisId":"E"}
{"id":"log_1779375249762_display_start","timestamp":1779375249762,"location":"TicketParser.java:208","message":"Display tag found, setting OUTPUT_DISPLAY","data":{"outputType":1,"currentOutputTypeBefore":0},"sessionId":"debug-session","runId":"run1","hypothesisId":"E"}
{"id":"log_1779375431398_display_start","timestamp":1779375431398,"location":"TicketParser.java:208","message":"Display tag found, setting OUTPUT_DISPLAY","data":{"outputType":1,"currentOutputTypeBefore":0},"sessionId":"debug-session","runId":"run1","hypothesisId":"E"}
{"id":"log_1779375739755_display_start","timestamp":1779375739755,"location":"TicketParser.java:208","message":"Display tag found, setting OUTPUT_DISPLAY","data":{"outputType":1,"currentOutputTypeBefore":0},"sessionId":"debug-session","runId":"run1","hypothesisId":"E"}
{"id":"log_1779376117773_display_start","timestamp":1779376117773,"location":"TicketParser.java:208","message":"Display tag found, setting OUTPUT_DISPLAY","data":{"outputType":1,"currentOutputTypeBefore":0},"sessionId":"debug-session","runId":"run1","hypothesisId":"E"}
{"id":"log_1779376332942_display_start","timestamp":1779376332942,"location":"TicketParser.java:208","message":"Display tag found, setting OUTPUT_DISPLAY","data":{"outputType":1,"currentOutputTypeBefore":0},"sessionId":"debug-session","runId":"run1","hypothesisId":"E"}
{"id":"log_1779391028248_display_start","timestamp":1779391028248,"location":"TicketParser.java:208","message":"Display tag found, setting OUTPUT_DISPLAY","data":{"outputType":1,"currentOutputTypeBefore":0},"sessionId":"debug-session","runId":"run1","hypothesisId":"E"}
{"id":"log_1779391230696_display_start","timestamp":1779391230696,"location":"TicketParser.java:208","message":"Display tag found, setting OUTPUT_DISPLAY","data":{"outputType":1,"currentOutputTypeBefore":0},"sessionId":"debug-session","runId":"run1","hypothesisId":"E"}
{"id":"log_1779391307191_display_start","timestamp":1779391307191,"location":"TicketParser.java:208","message":"Display tag found, setting OUTPUT_DISPLAY","data":{"outputType":1,"currentOutputTypeBefore":0},"sessionId":"debug-session","runId":"run1","hypothesisId":"E"}
{"id":"log_1779391642356_display_start","timestamp":1779391642356,"location":"TicketParser.java:208","message":"Display tag found, setting OUTPUT_DISPLAY","data":{"outputType":1,"currentOutputTypeBefore":0},"sessionId":"debug-session","runId":"run1","hypothesisId":"E"}
{"id":"log_1779392095382_display_start","timestamp":1779392095382,"location":"TicketParser.java:208","message":"Display tag found, setting OUTPUT_DISPLAY","data":{"outputType":1,"currentOutputTypeBefore":0},"sessionId":"debug-session","runId":"run1","hypothesisId":"E"}
{"id":"log_1779392407738_display_start","timestamp":1779392407738,"location":"TicketParser.java:208","message":"Display tag found, setting OUTPUT_DISPLAY","data":{"outputType":1,"currentOutputTypeBefore":0},"sessionId":"debug-session","runId":"run1","hypothesisId":"E"}
{"id":"log_1779392648643_display_start","timestamp":1779392648643,"location":"TicketParser.java:208","message":"Display tag found, setting OUTPUT_DISPLAY","data":{"outputType":1,"currentOutputTypeBefore":0},"sessionId":"debug-session","runId":"run1","hypothesisId":"E"}
{"id":"log_1779392822060_display_start","timestamp":1779392822060,"location":"TicketParser.java:208","message":"Display tag found, setting OUTPUT_DISPLAY","data":{"outputType":1,"currentOutputTypeBefore":0},"sessionId":"debug-session","runId":"run1","hypothesisId":"E"}
{"id":"log_1779393166132_display_start","timestamp":1779393166132,"location":"TicketParser.java:208","message":"Display tag found, setting OUTPUT_DISPLAY","data":{"outputType":1,"currentOutputTypeBefore":0},"sessionId":"debug-session","runId":"run1","hypothesisId":"E"}
{"id":"log_1779393347571_display_start","timestamp":1779393347571,"location":"TicketParser.java:208","message":"Display tag found, setting OUTPUT_DISPLAY","data":{"outputType":1,"currentOutputTypeBefore":0},"sessionId":"debug-session","runId":"run1","hypothesisId":"E"}
{"id":"log_1779394736206_ticket_update_start","timestamp":1779394736206,"location":"JPanelTicket.java:843","message":"Starting Printer.Ticket template update","data":{},"sessionId":"debug-session","runId":"run1","hypothesisId":"A"}
{"id":"log_1779394736209_ticket_content_check","timestamp":1779394736209,"location":"JPanelTicket.java:863","message":"Printer.Ticket template content check","data":{"length":16044,"hasValor":true,"hasImporte":false,"hasCode7":false},"sessionId":"debug-session","runId":"run1","hypothesisId":"A"}
{"id":"log_1779394736219_ticket_updated","timestamp":1779394736219,"location":"JPanelTicket.java:865","message":"Printer.Ticket template updated in DB","data":{"length":16044},"sessionId":"debug-session","runId":"run1","hypothesisId":"A"}
{"id":"log_1779394736224_template_updated","timestamp":1779394736224,"location":"JPanelTicket.java:864","message":"Template Printer.Ticket2 updated in DB","data":{"length":14585,"hasTicket":true,"hasDisplay":true,"ticketFirst":true},"sessionId":"debug-session","runId":"run1","hypothesisId":"F"}
{"id":"log_1779395108663_display_start","timestamp":1779395108663,"location":"TicketParser.java:208","message":"Display tag found, setting OUTPUT_DISPLAY","data":{"outputType":1,"currentOutputTypeBefore":0},"sessionId":"debug-session","runId":"run1","hypothesisId":"E"}
{"id":"log_1779396032740_display_start","timestamp":1779396032740,"location":"TicketParser.java:208","message":"Display tag found, setting OUTPUT_DISPLAY","data":{"outputType":1,"currentOutputTypeBefore":0},"sessionId":"debug-session","runId":"run1","hypothesisId":"E"}
{"id":"log_1779396190641_display_start","timestamp":1779396190641,"location":"TicketParser.java:208","message":"Display tag found, setting OUTPUT_DISPLAY","data":{"outputType":1,"currentOutputTypeBefore":0},"sessionId":"debug-session","runId":"run1","hypothesisId":"E"}
{"id":"log_1779396754835_display_start","timestamp":1779396754835,"location":"TicketParser.java:208","message":"Display tag found, setting OUTPUT_DISPLAY","data":{"outputType":1,"currentOutputTypeBefore":0},"sessionId":"debug-session","runId":"run1","hypothesisId":"E"}
{"id":"log_1779476636947_display_start","timestamp":1779476636947,"location":"TicketParser.java:208","message":"Display tag found, setting OUTPUT_DISPLAY","data":{"outputType":1,"currentOutputTypeBefore":0},"sessionId":"debug-session","runId":"run1","hypothesisId":"E"}
{"id":"log_1779476888976_display_start","timestamp":1779476888976,"location":"TicketParser.java:208","message":"Display tag found, setting OUTPUT_DISPLAY","data":{"outputType":1,"currentOutputTypeBefore":0},"sessionId":"debug-session","runId":"run1","hypothesisId":"E"}
{"id":"log_1779477533460_display_start","timestamp":1779477533460,"location":"TicketParser.java:208","message":"Display tag found, setting OUTPUT_DISPLAY","data":{"outputType":1,"currentOutputTypeBefore":0},"sessionId":"debug-session","runId":"run1","hypothesisId":"E"}
{"id":"log_1779477875427_display_start","timestamp":1779477875427,"location":"TicketParser.java:208","message":"Display tag found, setting OUTPUT_DISPLAY","data":{"outputType":1,"currentOutputTypeBefore":0},"sessionId":"debug-session","runId":"run1","hypothesisId":"E"}
{"id":"log_1779478255484_display_start","timestamp":1779478255484,"location":"TicketParser.java:208","message":"Display tag found, setting OUTPUT_DISPLAY","data":{"outputType":1,"currentOutputTypeBefore":0},"sessionId":"debug-session","runId":"run1","hypothesisId":"E"}
{"id":"log_1779478750938_display_start","timestamp":1779478750938,"location":"TicketParser.java:208","message":"Display tag found, setting OUTPUT_DISPLAY","data":{"outputType":1,"currentOutputTypeBefore":0},"sessionId":"debug-session","runId":"run1","hypothesisId":"E"}
{"id":"log_1779479090762_display_start","timestamp":1779479090762,"location":"TicketParser.java:208","message":"Display tag found, setting OUTPUT_DISPLAY","data":{"outputType":1,"currentOutputTypeBefore":0},"sessionId":"debug-session","runId":"run1","hypothesisId":"E"}
{"id":"log_1779479712502_display_start","timestamp":1779479712502,"location":"TicketParser.java:208","message":"Display tag found, setting OUTPUT_DISPLAY","data":{"outputType":1,"currentOutputTypeBefore":0},"sessionId":"debug-session","runId":"run1","hypothesisId":"E"}
{"id":"log_1779480003717_display_start","timestamp":1779480003717,"location":"TicketParser.java:208","message":"Display tag found, setting OUTPUT_DISPLAY","data":{"outputType":1,"currentOutputTypeBefore":0},"sessionId":"debug-session","runId":"run1","hypothesisId":"E"}
{"id":"log_1779481249497_display_start","timestamp":1779481249497,"location":"TicketParser.java:208","message":"Display tag found, setting OUTPUT_DISPLAY","data":{"outputType":1,"currentOutputTypeBefore":0},"sessionId":"debug-session","runId":"run1","hypothesisId":"E"}
{"id":"log_1779481784927_display_start","timestamp":1779481784927,"location":"TicketParser.java:208","message":"Display tag found, setting OUTPUT_DISPLAY","data":{"outputType":1,"currentOutputTypeBefore":0},"sessionId":"debug-session","runId":"run1","hypothesisId":"E"}
{"id":"log_1779481935000_display_start","timestamp":1779481935000,"location":"TicketParser.java:208","message":"Display tag found, setting OUTPUT_DISPLAY","data":{"outputType":1,"currentOutputTypeBefore":0},"sessionId":"debug-session","runId":"run1","hypothesisId":"E"}
{"id":"log_1779482827693_display_start","timestamp":1779482827693,"location":"TicketParser.java:208","message":"Display tag found, setting OUTPUT_DISPLAY","data":{"outputType":1,"currentOutputTypeBefore":0},"sessionId":"debug-session","runId":"run1","hypothesisId":"E"}
{"id":"log_1779484288512_display_start","timestamp":1779484288512,"location":"TicketParser.java:208","message":"Display tag found, setting OUTPUT_DISPLAY","data":{"outputType":1,"currentOutputTypeBefore":0},"sessionId":"debug-session","runId":"run1","hypothesisId":"E"}
{"id":"log_1779484431390_display_start","timestamp":1779484431390,"location":"TicketParser.java:208","message":"Display tag found, setting OUTPUT_DISPLAY","data":{"outputType":1,"currentOutputTypeBefore":0},"sessionId":"debug-session","runId":"run1","hypothesisId":"E"}
{"id":"log_1779497126855_display_start","timestamp":1779497126855,"location":"TicketParser.java:208","message":"Display tag found, setting OUTPUT_DISPLAY","data":{"outputType":1,"currentOutputTypeBefore":0},"sessionId":"debug-session","runId":"run1","hypothesisId":"E"}
{"id":"log_1779497330550_saveData","timestamp":1779497330550,"location":"StockManagement.java:812","message":"saveData called","data":{"invlinesCount":1},"sessionId":"debug-session","runId":"run1","hypothesisId":"B"}
{"id":"log_1779497330584_ticket_start","timestamp":1779497330584,"location":"TicketParser.java:203","message":"Ticket tag found, setting OUTPUT_TICKET","data":{"outputType":2,"printer":"1"},"sessionId":"debug-session","runId":"run1","hypothesisId":"E"}
{"id":"log_1779497330588_ticket_end","timestamp":1779497330588,"location":"TicketParser.java:320","message":"Ticket tag closed, calling endReceipt","data":{"outputTypeBefore":2},"sessionId":"debug-session","runId":"run1","hypothesisId":"E"}
{"id":"log_1779497330592_saveData_success","timestamp":1779497330592,"location":"StockManagement.java:846","message":"saveData completed successfully","data":{},"sessionId":"debug-session","runId":"run1","hypothesisId":"B"}
{"id":"log_1779497864126_display_start","timestamp":1779497864126,"location":"TicketParser.java:208","message":"Display tag found, setting OUTPUT_DISPLAY","data":{"outputType":1,"currentOutputTypeBefore":0},"sessionId":"debug-session","runId":"run1","hypothesisId":"E"}
{"id":"log_1779498675163_display_start","timestamp":1779498675163,"location":"TicketParser.java:208","message":"Display tag found, setting OUTPUT_DISPLAY","data":{"outputType":1,"currentOutputTypeBefore":0},"sessionId":"debug-session","runId":"run1","hypothesisId":"E"}
{"id":"log_1779499085366_display_start","timestamp":1779499085366,"location":"TicketParser.java:208","message":"Display tag found, setting OUTPUT_DISPLAY","data":{"outputType":1,"currentOutputTypeBefore":0},"sessionId":"debug-session","runId":"run1","hypothesisId":"E"}
{"id":"log_1779499506782_display_start","timestamp":1779499506782,"location":"TicketParser.java:208","message":"Display tag found, setting OUTPUT_DISPLAY","data":{"outputType":1,"currentOutputTypeBefore":0},"sessionId":"debug-session","runId":"run1","hypothesisId":"E"}
{"id":"log_1779499707408_display_start","timestamp":1779499707408,"location":"TicketParser.java:208","message":"Display tag found, setting OUTPUT_DISPLAY","data":{"outputType":1,"currentOutputTypeBefore":0},"sessionId":"debug-session","runId":"run1","hypothesisId":"E"}
{"id":"log_1779500362979_display_start","timestamp":1779500362979,"location":"TicketParser.java:208","message":"Display tag found, setting OUTPUT_DISPLAY","data":{"outputType":1,"currentOutputTypeBefore":0},"sessionId":"debug-session","runId":"run1","hypothesisId":"E"}
{"id":"log_1779500463611_ticket_update_start","timestamp":1779500463611,"location":"JPanelTicket.java:843","message":"Starting Printer.Ticket template update","data":{},"sessionId":"debug-session","runId":"run1","hypothesisId":"A"}
{"id":"log_1779500463613_ticket_content_check","timestamp":1779500463613,"location":"JPanelTicket.java:863","message":"Printer.Ticket template content check","data":{"length":16044,"hasValor":true,"hasImporte":false,"hasCode7":false},"sessionId":"debug-session","runId":"run1","hypothesisId":"A"}
{"id":"log_1779500463618_ticket_updated","timestamp":1779500463618,"location":"JPanelTicket.java:865","message":"Printer.Ticket template updated in DB","data":{"length":16044},"sessionId":"debug-session","runId":"run1","hypothesisId":"A"}
{"id":"log_1779500463621_template_updated","timestamp":1779500463621,"location":"JPanelTicket.java:864","message":"Template Printer.Ticket2 updated in DB","data":{"length":14585,"hasTicket":true,"hasDisplay":true,"ticketFirst":true},"sessionId":"debug-session","runId":"run1","hypothesisId":"F"}
{"location":"JPanelTicket.java:1232","message":"addTicketLine called","data":{"productId":"xxx998_998xxx_x8x8x8","attSetInstId":null,"price":50.0,"multiply":1.0,"linesCount":0},"timestamp":1779500467313,"sessionId":"debug-session","runId":"run1","hypothesisId":"A"}
{"location":"JPanelTicket.java:1275","message":"No matching line found, adding new line","data":{},"timestamp":1779500467316,"sessionId":"debug-session","runId":"run1","hypothesisId":"A"}
{"id":"log_1779500467330_display_start","timestamp":1779500467330,"location":"TicketParser.java:208","message":"Display tag found, setting OUTPUT_DISPLAY","data":{"outputType":1,"currentOutputTypeBefore":0},"sessionId":"debug-session","runId":"run1","hypothesisId":"E"}
{"id":"log_1779500470111_entry","timestamp":1779500470111,"location":"JPanelTicket.java:2649","message":"printTicket method entry","data":{"resource":"Printer.TicketTotal","ticketId":0},"sessionId":"debug-session","runId":"run1","hypothesisId":"B"}
{"id":"log_1779500470114_resource","timestamp":1779500470114,"location":"JPanelTicket.java:2815","message":"Resource loaded from DB","data":{"resource":"Printer.TicketTotal","isNull":false,"length":1136,"hasTicketTag":false,"hasDisplayTag":true,"ticketIndex":-1,"displayIndex":822,"ticketFirst":false,"hasValor":false,"hasImporte":false,"hasCode7":false,"hasCode8":false,"hasArticulo12":false,"hasArticulo15":false},"sessionId":"debug-session","runId":"run1","hypothesisId":"B"}
{"id":"log_1779500470120_no_customer_points","timestamp":1779500470120,"location":"JPanelTicket.java:2871","message":"No customer or puntosDataLogic for points calculation","data":{"hasCustomer":false,"hasPuntosDataLogic":true},"sessionId":"debug-session","runId":"run1","hypothesisId":"I"}
{"id":"log_1779500470124_before_velocity_eval","timestamp":1779500470124,"location":"JPanelTicket.java:2777","message":"Before Velocity eval","data":{"resource":"Printer.TicketTotal","hasCustomer":false,"customerId":null,"hasPuntosDataLogic":true},"sessionId":"debug-session","runId":"run1","hypothesisId":"H"}
{"id":"log_1779500470127_processed","timestamp":1779500470127,"location":"JPanelTicket.java:2688","message":"Template processed by Velocity","data":{"resource":"Printer.TicketTotal","xmlLength":1120,"hasTicketTag":false,"hasDisplayTag":true,"ticketTagFirst":false,"xmlPreview":"<?xml version=\"1.0\" encoding=\"UTF-8\"?>\r\n<!-- \r\n    websy arg - Open Source Point Of Sale\r\n    Copyright (c) 2019-2023 websy arg.\r\n\r\n    This program is free software: you can redistribute it and/or modify\r\n    it under the terms of the GNU General Public License as published by\r\n    the Free Software Foundation, either version 3 of the License, or\r\n    (at your option) any later version.\r\n\r\n    This program is distributed in the hope that it will be useful,\r\n    but WITHOUT ANY WARRANTY; without..."},"sessionId":"debug-session","runId":"run1","hypothesisId":"B"}
{"id":"log_1779500470128_before_ttp","timestamp":1779500470128,"location":"JPanelTicket.java:2689","message":"Before m_TTP.printTicket call","data":{"resource":"Printer.TicketTotal"},"sessionId":"debug-session","runId":"run1","hypothesisId":"C"}
{"id":"log_1779500470131_display_start","timestamp":1779500470131,"location":"TicketParser.java:208","message":"Display tag found, setting OUTPUT_DISPLAY","data":{"outputType":1,"currentOutputTypeBefore":0},"sessionId":"debug-session","runId":"run1","hypothesisId":"E"}
{"id":"log_1779500470132_after_ttp","timestamp":1779500470132,"location":"JPanelTicket.java:2689","message":"After m_TTP.printTicket call","data":{"resource":"Printer.TicketTotal","status":"completed"},"sessionId":"debug-session","runId":"run1","hypothesisId":"C"}
{"id":"log_1779500472351_close_ticket","timestamp":1779500472351,"location":"JPanelTicket.java:2628","message":"closeTicket printing logic","data":{"ticketId":2,"printSelected":false,"warrantyPrint":false,"willPrintOriginal":false,"willPrintCopy":false},"sessionId":"debug-session","runId":"run1","hypothesisId":"G"}
{"id":"log_1779500472354_entry","timestamp":1779500472354,"location":"JPanelTicket.java:2649","message":"printTicket method entry","data":{"resource":"Printer.OpenDrawer","ticketId":2},"sessionId":"debug-session","runId":"run1","hypothesisId":"B"}
{"id":"log_1779500472355_resource","timestamp":1779500472355,"location":"JPanelTicket.java:2815","message":"Resource loaded from DB","data":{"resource":"Printer.OpenDrawer","isNull":false,"length":852,"hasTicketTag":false,"hasDisplayTag":false,"ticketIndex":-1,"displayIndex":-1,"ticketFirst":false,"hasValor":false,"hasImporte":false,"hasCode7":false,"hasCode8":false,"hasArticulo12":false,"hasArticulo15":false},"sessionId":"debug-session","runId":"run1","hypothesisId":"B"}
{"id":"log_1779500472355_no_customer_points","timestamp":1779500472355,"location":"JPanelTicket.java:2871","message":"No customer or puntosDataLogic for points calculation","data":{"hasCustomer":false,"hasPuntosDataLogic":true},"sessionId":"debug-session","runId":"run1","hypothesisId":"I"}
{"id":"log_1779500472358_before_velocity_eval","timestamp":1779500472358,"location":"JPanelTicket.java:2777","message":"Before Velocity eval","data":{"resource":"Printer.OpenDrawer","hasCustomer":false,"customerId":null,"hasPuntosDataLogic":true},"sessionId":"debug-session","runId":"run1","hypothesisId":"H"}
{"id":"log_1779500472359_processed","timestamp":1779500472359,"location":"JPanelTicket.java:2688","message":"Template processed by Velocity","data":{"resource":"Printer.OpenDrawer","xmlLength":852,"hasTicketTag":false,"hasDisplayTag":false,"ticketTagFirst":false,"xmlPreview":"<?xml version=\"1.0\" encoding=\"UTF-8\"?>\r\n<!-- \r\n    websy arg - Open Source Point Of Sale\r\n    Copyright (c) 2019-2023 websy arg.\r\n\r\n    This program is free software: you can redistribute it and/or modify\r\n    it under the terms of the GNU General Public License as published by\r\n    the Free Software Foundation, either version 3 of the License, or\r\n    (at your option) any later version.\r\n\r\n    This program is distributed in the hope that it will be useful,\r\n    but WITHOUT ANY WARRANTY; without..."},"sessionId":"debug-session","runId":"run1","hypothesisId":"B"}
{"id":"log_1779500472359_before_ttp","timestamp":1779500472359,"location":"JPanelTicket.java:2689","message":"Before m_TTP.printTicket call","data":{"resource":"Printer.OpenDrawer"},"sessionId":"debug-session","runId":"run1","hypothesisId":"C"}
{"id":"log_1779500472362_after_ttp","timestamp":1779500472362,"location":"JPanelTicket.java:2689","message":"After m_TTP.printTicket call","data":{"resource":"Printer.OpenDrawer","status":"completed"},"sessionId":"debug-session","runId":"run1","hypothesisId":"C"}
{"id":"log_1779500636278_display_start","timestamp":1779500636278,"location":"TicketParser.java:208","message":"Display tag found, setting OUTPUT_DISPLAY","data":{"outputType":1,"currentOutputTypeBefore":0},"sessionId":"debug-session","runId":"run1","hypothesisId":"E"}
{"id":"log_1779500743676_ticket_update_start","timestamp":1779500743676,"location":"JPanelTicket.java:843","message":"Starting Printer.Ticket template update","data":{},"sessionId":"debug-session","runId":"run1","hypothesisId":"A"}
{"id":"log_1779500743678_ticket_content_check","timestamp":1779500743678,"location":"JPanelTicket.java:863","message":"Printer.Ticket template content check","data":{"length":16044,"hasValor":true,"hasImporte":false,"hasCode7":false},"sessionId":"debug-session","runId":"run1","hypothesisId":"A"}
{"id":"log_1779500743780_ticket_updated","timestamp":1779500743780,"location":"JPanelTicket.java:865","message":"Printer.Ticket template updated in DB","data":{"length":16044},"sessionId":"debug-session","runId":"run1","hypothesisId":"A"}
{"id":"log_1779500743817_template_updated","timestamp":1779500743817,"location":"JPanelTicket.java:864","message":"Template Printer.Ticket2 updated in DB","data":{"length":14585,"hasTicket":true,"hasDisplay":true,"ticketFirst":true},"sessionId":"debug-session","runId":"run1","hypothesisId":"F"}
{"location":"JPanelTicket.java:1232","message":"addTicketLine called","data":{"productId":"xxx998_998xxx_x8x8x8","attSetInstId":null,"price":30.0,"multiply":1.0,"linesCount":0},"timestamp":1779500745952,"sessionId":"debug-session","runId":"run1","hypothesisId":"A"}
{"location":"JPanelTicket.java:1275","message":"No matching line found, adding new line","data":{},"timestamp":1779500745953,"sessionId":"debug-session","runId":"run1","hypothesisId":"A"}
{"id":"log_1779500745964_display_start","timestamp":1779500745964,"location":"TicketParser.java:208","message":"Display tag found, setting OUTPUT_DISPLAY","data":{"outputType":1,"currentOutputTypeBefore":0},"sessionId":"debug-session","runId":"run1","hypothesisId":"E"}
{"location":"JPanelTicket.java:1232","message":"addTicketLine called","data":{"productId":"xxx998_998xxx_x8x8x8","attSetInstId":null,"price":30.0,"multiply":1.0,"linesCount":1},"timestamp":1779500746176,"sessionId":"debug-session","runId":"run1","hypothesisId":"A"}
{"location":"JPanelTicket.java:1248","message":"Matching line found, consolidating","data":{"lineIndex":0,"oldMultiply":1.0,"newMultiply":2.0},"timestamp":1779500746177,"sessionId":"debug-session","runId":"run1","hypothesisId":"A"}
{"id":"log_1779500746183_display_start","timestamp":1779500746183,"location":"TicketParser.java:208","message":"Display tag found, setting OUTPUT_DISPLAY","data":{"outputType":1,"currentOutputTypeBefore":0},"sessionId":"debug-session","runId":"run1","hypothesisId":"E"}
{"id":"log_1779500747123_entry","timestamp":1779500747123,"location":"JPanelTicket.java:2649","message":"printTicket method entry","data":{"resource":"Printer.TicketTotal","ticketId":0},"sessionId":"debug-session","runId":"run1","hypothesisId":"B"}
{"id":"log_1779500747126_resource","timestamp":1779500747126,"location":"JPanelTicket.java:2815","message":"Resource loaded from DB","data":{"resource":"Printer.TicketTotal","isNull":false,"length":1136,"hasTicketTag":false,"hasDisplayTag":true,"ticketIndex":-1,"displayIndex":822,"ticketFirst":false,"hasValor":false,"hasImporte":false,"hasCode7":false,"hasCode8":false,"hasArticulo12":false,"hasArticulo15":false},"sessionId":"debug-session","runId":"run1","hypothesisId":"B"}
{"id":"log_1779500747130_no_customer_points","timestamp":1779500747130,"location":"JPanelTicket.java:2871","message":"No customer or puntosDataLogic for points calculation","data":{"hasCustomer":false,"hasPuntosDataLogic":true},"sessionId":"debug-session","runId":"run1","hypothesisId":"I"}
{"id":"log_1779500747135_before_velocity_eval","timestamp":1779500747135,"location":"JPanelTicket.java:2777","message":"Before Velocity eval","data":{"resource":"Printer.TicketTotal","hasCustomer":false,"customerId":null,"hasPuntosDataLogic":true},"sessionId":"debug-session","runId":"run1","hypothesisId":"H"}
{"id":"log_1779500747137_processed","timestamp":1779500747137,"location":"JPanelTicket.java:2688","message":"Template processed by Velocity","data":{"resource":"Printer.TicketTotal","xmlLength":1120,"hasTicketTag":false,"hasDisplayTag":true,"ticketTagFirst":false,"xmlPreview":"<?xml version=\"1.0\" encoding=\"UTF-8\"?>\r\n<!-- \r\n    websy arg - Open Source Point Of Sale\r\n    Copyright (c) 2019-2023 websy arg.\r\n\r\n    This program is free software: you can redistribute it and/or modify\r\n    it under the terms of the GNU General Public License as published by\r\n    the Free Software Foundation, either version 3 of the License, or\r\n    (at your option) any later version.\r\n\r\n    This program is distributed in the hope that it will be useful,\r\n    but WITHOUT ANY WARRANTY; without..."},"sessionId":"debug-session","runId":"run1","hypothesisId":"B"}
{"id":"log_1779500747140_before_ttp","timestamp":1779500747140,"location":"JPanelTicket.java:2689","message":"Before m_TTP.printTicket call","data":{"resource":"Printer.TicketTotal"},"sessionId":"debug-session","runId":"run1","hypothesisId":"C"}
{"id":"log_1779500747142_display_start","timestamp":1779500747142,"location":"TicketParser.java:208","message":"Display tag found, setting OUTPUT_DISPLAY","data":{"outputType":1,"currentOutputTypeBefore":0},"sessionId":"debug-session","runId":"run1","hypothesisId":"E"}
{"id":"log_1779500747142_after_ttp","timestamp":1779500747142,"location":"JPanelTicket.java:2689","message":"After m_TTP.printTicket call","data":{"resource":"Printer.TicketTotal","status":"completed"},"sessionId":"debug-session","runId":"run1","hypothesisId":"C"}
{"id":"log_1779500748605_close_ticket","timestamp":1779500748605,"location":"JPanelTicket.java:2628","message":"closeTicket printing logic","data":{"ticketId":2,"printSelected":false,"warrantyPrint":false,"willPrintOriginal":false,"willPrintCopy":false},"sessionId":"debug-session","runId":"run1","hypothesisId":"G"}
{"id":"log_1779500748607_entry","timestamp":1779500748607,"location":"JPanelTicket.java:2649","message":"printTicket method entry","data":{"resource":"Printer.OpenDrawer","ticketId":2},"sessionId":"debug-session","runId":"run1","hypothesisId":"B"}
{"id":"log_1779500748608_resource","timestamp":1779500748608,"location":"JPanelTicket.java:2815","message":"Resource loaded from DB","data":{"resource":"Printer.OpenDrawer","isNull":false,"length":852,"hasTicketTag":false,"hasDisplayTag":false,"ticketIndex":-1,"displayIndex":-1,"ticketFirst":false,"hasValor":false,"hasImporte":false,"hasCode7":false,"hasCode8":false,"hasArticulo12":false,"hasArticulo15":false},"sessionId":"debug-session","runId":"run1","hypothesisId":"B"}
{"id":"log_1779500748608_no_customer_points","timestamp":1779500748608,"location":"JPanelTicket.java:2871","message":"No customer or puntosDataLogic for points calculation","data":{"hasCustomer":false,"hasPuntosDataLogic":true},"sessionId":"debug-session","runId":"run1","hypothesisId":"I"}
{"id":"log_1779500748610_before_velocity_eval","timestamp":1779500748610,"location":"JPanelTicket.java:2777","message":"Before Velocity eval","data":{"resource":"Printer.OpenDrawer","hasCustomer":false,"customerId":null,"hasPuntosDataLogic":true},"sessionId":"debug-session","runId":"run1","hypothesisId":"H"}
{"id":"log_1779500748611_processed","timestamp":1779500748611,"location":"JPanelTicket.java:2688","message":"Template processed by Velocity","data":{"resource":"Printer.OpenDrawer","xmlLength":852,"hasTicketTag":false,"hasDisplayTag":false,"ticketTagFirst":false,"xmlPreview":"<?xml version=\"1.0\" encoding=\"UTF-8\"?>\r\n<!-- \r\n    websy arg - Open Source Point Of Sale\r\n    Copyright (c) 2019-2023 websy arg.\r\n\r\n    This program is free software: you can redistribute it and/or modify\r\n    it under the terms of the GNU General Public License as published by\r\n    the Free Software Foundation, either version 3 of the License, or\r\n    (at your option) any later version.\r\n\r\n    This program is distributed in the hope that it will be useful,\r\n    but WITHOUT ANY WARRANTY; without..."},"sessionId":"debug-session","runId":"run1","hypothesisId":"B"}
{"id":"log_1779500748612_before_ttp","timestamp":1779500748612,"location":"JPanelTicket.java:2689","message":"Before m_TTP.printTicket call","data":{"resource":"Printer.OpenDrawer"},"sessionId":"debug-session","runId":"run1","hypothesisId":"C"}
{"id":"log_1779500748613_after_ttp","timestamp":1779500748613,"location":"JPanelTicket.java:2689","message":"After m_TTP.printTicket call","data":{"resource":"Printer.OpenDrawer","status":"completed"},"sessionId":"debug-session","runId":"run1","hypothesisId":"C"}
{"id":"log_1779501148956_display_start","timestamp":1779501148956,"location":"TicketParser.java:208","message":"Display tag found, setting OUTPUT_DISPLAY","data":{"outputType":1,"currentOutputTypeBefore":0},"sessionId":"debug-session","runId":"run1","hypothesisId":"E"}
{"id":"log_1779501183422_ticket_update_start","timestamp":1779501183422,"location":"JPanelTicket.java:843","message":"Starting Printer.Ticket template update","data":{},"sessionId":"debug-session","runId":"run1","hypothesisId":"A"}
{"id":"log_1779501183423_ticket_content_check","timestamp":1779501183423,"location":"JPanelTicket.java:863","message":"Printer.Ticket template content check","data":{"length":16044,"hasValor":true,"hasImporte":false,"hasCode7":false},"sessionId":"debug-session","runId":"run1","hypothesisId":"A"}
{"id":"log_1779501183430_ticket_updated","timestamp":1779501183430,"location":"JPanelTicket.java:865","message":"Printer.Ticket template updated in DB","data":{"length":16044},"sessionId":"debug-session","runId":"run1","hypothesisId":"A"}
{"id":"log_1779501183434_template_updated","timestamp":1779501183434,"location":"JPanelTicket.java:864","message":"Template Printer.Ticket2 updated in DB","data":{"length":14585,"hasTicket":true,"hasDisplay":true,"ticketFirst":true},"sessionId":"debug-session","runId":"run1","hypothesisId":"F"}
{"location":"JPanelTicket.java:1232","message":"addTicketLine called","data":{"productId":"xxx999_999xxx_x9x9x9","attSetInstId":null,"price":120.0,"multiply":1.0,"linesCount":0},"timestamp":1779501186298,"sessionId":"debug-session","runId":"run1","hypothesisId":"A"}
{"location":"JPanelTicket.java:1275","message":"No matching line found, adding new line","data":{},"timestamp":1779501186299,"sessionId":"debug-session","runId":"run1","hypothesisId":"A"}
{"id":"log_1779501186309_display_start","timestamp":1779501186309,"location":"TicketParser.java:208","message":"Display tag found, setting OUTPUT_DISPLAY","data":{"outputType":1,"currentOutputTypeBefore":0},"sessionId":"debug-session","runId":"run1","hypothesisId":"E"}
{"location":"JPanelTicket.java:1232","message":"addTicketLine called","data":{"productId":"xxx999_999xxx_x9x9x9","attSetInstId":null,"price":120.0,"multiply":1.0,"linesCount":1},"timestamp":1779501189426,"sessionId":"debug-session","runId":"run1","hypothesisId":"A"}
{"location":"JPanelTicket.java:1248","message":"Matching line found, consolidating","data":{"lineIndex":0,"oldMultiply":1.0,"newMultiply":2.0},"timestamp":1779501189426,"sessionId":"debug-session","runId":"run1","hypothesisId":"A"}
{"id":"log_1779501189431_display_start","timestamp":1779501189431,"location":"TicketParser.java:208","message":"Display tag found, setting OUTPUT_DISPLAY","data":{"outputType":1,"currentOutputTypeBefore":0},"sessionId":"debug-session","runId":"run1","hypothesisId":"E"}
{"id":"log_1779501196526_entry","timestamp":1779501196526,"location":"JPanelTicket.java:2649","message":"printTicket method entry","data":{"resource":"Printer.TicketTotal","ticketId":0},"sessionId":"debug-session","runId":"run1","hypothesisId":"B"}
{"id":"log_1779501196527_resource","timestamp":1779501196527,"location":"JPanelTicket.java:2815","message":"Resource loaded from DB","data":{"resource":"Printer.TicketTotal","isNull":false,"length":1136,"hasTicketTag":false,"hasDisplayTag":true,"ticketIndex":-1,"displayIndex":822,"ticketFirst":false,"hasValor":false,"hasImporte":false,"hasCode7":false,"hasCode8":false,"hasArticulo12":false,"hasArticulo15":false},"sessionId":"debug-session","runId":"run1","hypothesisId":"B"}
{"id":"log_1779501196533_no_customer_points","timestamp":1779501196533,"location":"JPanelTicket.java:2871","message":"No customer or puntosDataLogic for points calculation","data":{"hasCustomer":false,"hasPuntosDataLogic":true},"sessionId":"debug-session","runId":"run1","hypothesisId":"I"}
{"id":"log_1779501196537_before_velocity_eval","timestamp":1779501196537,"location":"JPanelTicket.java:2777","message":"Before Velocity eval","data":{"resource":"Printer.TicketTotal","hasCustomer":false,"customerId":null,"hasPuntosDataLogic":true},"sessionId":"debug-session","runId":"run1","hypothesisId":"H"}
{"id":"log_1779501196540_processed","timestamp":1779501196540,"location":"JPanelTicket.java:2688","message":"Template processed by Velocity","data":{"resource":"Printer.TicketTotal","xmlLength":1121,"hasTicketTag":false,"hasDisplayTag":true,"ticketTagFirst":false,"xmlPreview":"<?xml version=\"1.0\" encoding=\"UTF-8\"?>\r\n<!-- \r\n    websy arg - Open Source Point Of Sale\r\n    Copyright (c) 2019-2023 websy arg.\r\n\r\n    This program is free software: you can redistribute it and/or modify\r\n    it under the terms of the GNU General Public License as published by\r\n    the Free Software Foundation, either version 3 of the License, or\r\n    (at your option) any later version.\r\n\r\n    This program is distributed in the hope that it will be useful,\r\n    but WITHOUT ANY WARRANTY; without..."},"sessionId":"debug-session","runId":"run1","hypothesisId":"B"}
{"id":"log_1779501196542_before_ttp","timestamp":1779501196542,"location":"JPanelTicket.java:2689","message":"Before m_TTP.printTicket call","data":{"resource":"Printer.TicketTotal"},"sessionId":"debug-session","runId":"run1","hypothesisId":"C"}
{"id":"log_1779501196544_display_start","timestamp":1779501196544,"location":"TicketParser.java:208","message":"Display tag found, setting OUTPUT_DISPLAY","data":{"outputType":1,"currentOutputTypeBefore":0},"sessionId":"debug-session","runId":"run1","hypothesisId":"E"}
{"id":"log_1779501196544_after_ttp","timestamp":1779501196544,"location":"JPanelTicket.java:2689","message":"After m_TTP.printTicket call","data":{"resource":"Printer.TicketTotal","status":"completed"},"sessionId":"debug-session","runId":"run1","hypothesisId":"C"}
{"id":"log_1779501199466_close_ticket","timestamp":1779501199466,"location":"JPanelTicket.java:2628","message":"closeTicket printing logic","data":{"ticketId":2,"printSelected":false,"warrantyPrint":false,"willPrintOriginal":false,"willPrintCopy":false},"sessionId":"debug-session","runId":"run1","hypothesisId":"G"}
{"id":"log_1779501199468_entry","timestamp":1779501199468,"location":"JPanelTicket.java:2649","message":"printTicket method entry","data":{"resource":"Printer.OpenDrawer","ticketId":2},"sessionId":"debug-session","runId":"run1","hypothesisId":"B"}
{"id":"log_1779501199469_resource","timestamp":1779501199469,"location":"JPanelTicket.java:2815","message":"Resource loaded from DB","data":{"resource":"Printer.OpenDrawer","isNull":false,"length":852,"hasTicketTag":false,"hasDisplayTag":false,"ticketIndex":-1,"displayIndex":-1,"ticketFirst":false,"hasValor":false,"hasImporte":false,"hasCode7":false,"hasCode8":false,"hasArticulo12":false,"hasArticulo15":false},"sessionId":"debug-session","runId":"run1","hypothesisId":"B"}
{"id":"log_1779501199470_no_customer_points","timestamp":1779501199470,"location":"JPanelTicket.java:2871","message":"No customer or puntosDataLogic for points calculation","data":{"hasCustomer":false,"hasPuntosDataLogic":true},"sessionId":"debug-session","runId":"run1","hypothesisId":"I"}
{"id":"log_1779501199472_before_velocity_eval","timestamp":1779501199472,"location":"JPanelTicket.java:2777","message":"Before Velocity eval","data":{"resource":"Printer.OpenDrawer","hasCustomer":false,"customerId":null,"hasPuntosDataLogic":true},"sessionId":"debug-session","runId":"run1","hypothesisId":"H"}
{"id":"log_1779501199472_processed","timestamp":1779501199472,"location":"JPanelTicket.java:2688","message":"Template processed by Velocity","data":{"resource":"Printer.OpenDrawer","xmlLength":852,"hasTicketTag":false,"hasDisplayTag":false,"ticketTagFirst":false,"xmlPreview":"<?xml version=\"1.0\" encoding=\"UTF-8\"?>\r\n<!-- \r\n    websy arg - Open Source Point Of Sale\r\n    Copyright (c) 2019-2023 websy arg.\r\n\r\n    This program is free software: you can redistribute it and/or modify\r\n    it under the terms of the GNU General Public License as published by\r\n    the Free Software Foundation, either version 3 of the License, or\r\n    (at your option) any later version.\r\n\r\n    This program is distributed in the hope that it will be useful,\r\n    but WITHOUT ANY WARRANTY; without..."},"sessionId":"debug-session","runId":"run1","hypothesisId":"B"}
{"id":"log_1779501199473_before_ttp","timestamp":1779501199473,"location":"JPanelTicket.java:2689","message":"Before m_TTP.printTicket call","data":{"resource":"Printer.OpenDrawer"},"sessionId":"debug-session","runId":"run1","hypothesisId":"C"}
{"id":"log_1779501199475_after_ttp","timestamp":1779501199475,"location":"JPanelTicket.java:2689","message":"After m_TTP.printTicket call","data":{"resource":"Printer.OpenDrawer","status":"completed"},"sessionId":"debug-session","runId":"run1","hypothesisId":"C"}
{"id":"log_1779501833569_display_start","timestamp":1779501833569,"location":"TicketParser.java:208","message":"Display tag found, setting OUTPUT_DISPLAY","data":{"outputType":1,"currentOutputTypeBefore":0},"sessionId":"debug-session","runId":"run1","hypothesisId":"E"}
{"id":"log_1779501845580_ticket_update_start","timestamp":1779501845580,"location":"JPanelTicket.java:843","message":"Starting Printer.Ticket template update","data":{},"sessionId":"debug-session","runId":"run1","hypothesisId":"A"}
{"id":"log_1779501845581_ticket_content_check","timestamp":1779501845581,"location":"JPanelTicket.java:863","message":"Printer.Ticket template content check","data":{"length":16044,"hasValor":true,"hasImporte":false,"hasCode7":false},"sessionId":"debug-session","runId":"run1","hypothesisId":"A"}
{"id":"log_1779501845586_ticket_updated","timestamp":1779501845586,"location":"JPanelTicket.java:865","message":"Printer.Ticket template updated in DB","data":{"length":16044},"sessionId":"debug-session","runId":"run1","hypothesisId":"A"}
{"id":"log_1779501845590_template_updated","timestamp":1779501845590,"location":"JPanelTicket.java:864","message":"Template Printer.Ticket2 updated in DB","data":{"length":14585,"hasTicket":true,"hasDisplay":true,"ticketFirst":true},"sessionId":"debug-session","runId":"run1","hypothesisId":"F"}
{"location":"JPanelTicket.java:1232","message":"addTicketLine called","data":{"productId":"xxx999_999xxx_x9x9x9","attSetInstId":null,"price":120.0,"multiply":1.0,"linesCount":0},"timestamp":1779501846882,"sessionId":"debug-session","runId":"run1","hypothesisId":"A"}
{"location":"JPanelTicket.java:1275","message":"No matching line found, adding new line","data":{},"timestamp":1779501846884,"sessionId":"debug-session","runId":"run1","hypothesisId":"A"}
{"id":"log_1779501846894_display_start","timestamp":1779501846894,"location":"TicketParser.java:208","message":"Display tag found, setting OUTPUT_DISPLAY","data":{"outputType":1,"currentOutputTypeBefore":0},"sessionId":"debug-session","runId":"run1","hypothesisId":"E"}
{"id":"log_1779501849052_entry","timestamp":1779501849052,"location":"JPanelTicket.java:2649","message":"printTicket method entry","data":{"resource":"Printer.TicketTotal","ticketId":0},"sessionId":"debug-session","runId":"run1","hypothesisId":"B"}
{"id":"log_1779501849055_resource","timestamp":1779501849055,"location":"JPanelTicket.java:2815","message":"Resource loaded from DB","data":{"resource":"Printer.TicketTotal","isNull":false,"length":1136,"hasTicketTag":false,"hasDisplayTag":true,"ticketIndex":-1,"displayIndex":822,"ticketFirst":false,"hasValor":false,"hasImporte":false,"hasCode7":false,"hasCode8":false,"hasArticulo12":false,"hasArticulo15":false},"sessionId":"debug-session","runId":"run1","hypothesisId":"B"}
{"id":"log_1779501849059_no_customer_points","timestamp":1779501849059,"location":"JPanelTicket.java:2871","message":"No customer or puntosDataLogic for points calculation","data":{"hasCustomer":false,"hasPuntosDataLogic":true},"sessionId":"debug-session","runId":"run1","hypothesisId":"I"}
{"id":"log_1779501849063_before_velocity_eval","timestamp":1779501849063,"location":"JPanelTicket.java:2777","message":"Before Velocity eval","data":{"resource":"Printer.TicketTotal","hasCustomer":false,"customerId":null,"hasPuntosDataLogic":true},"sessionId":"debug-session","runId":"run1","hypothesisId":"H"}
{"id":"log_1779501849066_processed","timestamp":1779501849066,"location":"JPanelTicket.java:2688","message":"Template processed by Velocity","data":{"resource":"Printer.TicketTotal","xmlLength":1121,"hasTicketTag":false,"hasDisplayTag":true,"ticketTagFirst":false,"xmlPreview":"<?xml version=\"1.0\" encoding=\"UTF-8\"?>\r\n<!-- \r\n    websy arg - Open Source Point Of Sale\r\n    Copyright (c) 2019-2023 websy arg.\r\n\r\n    This program is free software: you can redistribute it and/or modify\r\n    it under the terms of the GNU General Public License as published by\r\n    the Free Software Foundation, either version 3 of the License, or\r\n    (at your option) any later version.\r\n\r\n    This program is distributed in the hope that it will be useful,\r\n    but WITHOUT ANY WARRANTY; without..."},"sessionId":"debug-session","runId":"run1","hypothesisId":"B"}
{"id":"log_1779501849068_before_ttp","timestamp":1779501849068,"location":"JPanelTicket.java:2689","message":"Before m_TTP.printTicket call","data":{"resource":"Printer.TicketTotal"},"sessionId":"debug-session","runId":"run1","hypothesisId":"C"}
{"id":"log_1779501849070_display_start","timestamp":1779501849070,"location":"TicketParser.java:208","message":"Display tag found, setting OUTPUT_DISPLAY","data":{"outputType":1,"currentOutputTypeBefore":0},"sessionId":"debug-session","runId":"run1","hypothesisId":"E"}
{"id":"log_1779501849070_after_ttp","timestamp":1779501849070,"location":"JPanelTicket.java:2689","message":"After m_TTP.printTicket call","data":{"resource":"Printer.TicketTotal","status":"completed"},"sessionId":"debug-session","runId":"run1","hypothesisId":"C"}
{"id":"log_1779501851067_close_ticket","timestamp":1779501851067,"location":"JPanelTicket.java:2628","message":"closeTicket printing logic","data":{"ticketId":2,"printSelected":false,"warrantyPrint":false,"willPrintOriginal":false,"willPrintCopy":false},"sessionId":"debug-session","runId":"run1","hypothesisId":"G"}
{"id":"log_1779501851069_entry","timestamp":1779501851069,"location":"JPanelTicket.java:2649","message":"printTicket method entry","data":{"resource":"Printer.OpenDrawer","ticketId":2},"sessionId":"debug-session","runId":"run1","hypothesisId":"B"}
{"id":"log_1779501851070_resource","timestamp":1779501851070,"location":"JPanelTicket.java:2815","message":"Resource loaded from DB","data":{"resource":"Printer.OpenDrawer","isNull":false,"length":852,"hasTicketTag":false,"hasDisplayTag":false,"ticketIndex":-1,"displayIndex":-1,"ticketFirst":false,"hasValor":false,"hasImporte":false,"hasCode7":false,"hasCode8":false,"hasArticulo12":false,"hasArticulo15":false},"sessionId":"debug-session","runId":"run1","hypothesisId":"B"}
{"id":"log_1779501851071_no_customer_points","timestamp":1779501851071,"location":"JPanelTicket.java:2871","message":"No customer or puntosDataLogic for points calculation","data":{"hasCustomer":false,"hasPuntosDataLogic":true},"sessionId":"debug-session","runId":"run1","hypothesisId":"I"}
{"id":"log_1779501851074_before_velocity_eval","timestamp":1779501851074,"location":"JPanelTicket.java:2777","message":"Before Velocity eval","data":{"resource":"Printer.OpenDrawer","hasCustomer":false,"customerId":null,"hasPuntosDataLogic":true},"sessionId":"debug-session","runId":"run1","hypothesisId":"H"}
{"id":"log_1779501851074_processed","timestamp":1779501851074,"location":"JPanelTicket.java:2688","message":"Template processed by Velocity","data":{"resource":"Printer.OpenDrawer","xmlLength":852,"hasTicketTag":false,"hasDisplayTag":false,"ticketTagFirst":false,"xmlPreview":"<?xml version=\"1.0\" encoding=\"UTF-8\"?>\r\n<!-- \r\n    websy arg - Open Source Point Of Sale\r\n    Copyright (c) 2019-2023 websy arg.\r\n\r\n    This program is free software: you can redistribute it and/or modify\r\n    it under the terms of the GNU General Public License as published by\r\n    the Free Software Foundation, either version 3 of the License, or\r\n    (at your option) any later version.\r\n\r\n    This program is distributed in the hope that it will be useful,\r\n    but WITHOUT ANY WARRANTY; without..."},"sessionId":"debug-session","runId":"run1","hypothesisId":"B"}
{"id":"log_1779501851074_before_ttp","timestamp":1779501851074,"location":"JPanelTicket.java:2689","message":"Before m_TTP.printTicket call","data":{"resource":"Printer.OpenDrawer"},"sessionId":"debug-session","runId":"run1","hypothesisId":"C"}
{"id":"log_1779501851078_after_ttp","timestamp":1779501851078,"location":"JPanelTicket.java:2689","message":"After m_TTP.printTicket call","data":{"resource":"Printer.OpenDrawer","status":"completed"},"sessionId":"debug-session","runId":"run1","hypothesisId":"C"}
{"id":"log_1779503812665_display_start","timestamp":1779503812665,"location":"TicketParser.java:208","message":"Display tag found, setting OUTPUT_DISPLAY","data":{"outputType":1,"currentOutputTypeBefore":0},"sessionId":"debug-session","runId":"run1","hypothesisId":"E"}
{"id":"log_1779504009283_display_start","timestamp":1779504009283,"location":"TicketParser.java:208","message":"Display tag found, setting OUTPUT_DISPLAY","data":{"outputType":1,"currentOutputTypeBefore":0},"sessionId":"debug-session","runId":"run1","hypothesisId":"E"}
{"id":"log_1779504016926_ticket_update_start","timestamp":1779504016926,"location":"JPanelTicket.java:843","message":"Starting Printer.Ticket template update","data":{},"sessionId":"debug-session","runId":"run1","hypothesisId":"A"}
{"id":"log_1779504016929_ticket_content_check","timestamp":1779504016929,"location":"JPanelTicket.java:863","message":"Printer.Ticket template content check","data":{"length":16044,"hasValor":true,"hasImporte":false,"hasCode7":false},"sessionId":"debug-session","runId":"run1","hypothesisId":"A"}
{"id":"log_1779504016933_ticket_updated","timestamp":1779504016933,"location":"JPanelTicket.java:865","message":"Printer.Ticket template updated in DB","data":{"length":16044},"sessionId":"debug-session","runId":"run1","hypothesisId":"A"}
{"id":"log_1779504016937_template_updated","timestamp":1779504016937,"location":"JPanelTicket.java:864","message":"Template Printer.Ticket2 updated in DB","data":{"length":14585,"hasTicket":true,"hasDisplay":true,"ticketFirst":true},"sessionId":"debug-session","runId":"run1","hypothesisId":"F"}
{"location":"JPanelTicket.java:1232","message":"addTicketLine called","data":{"productId":"xxx999_999xxx_x9x9x9","attSetInstId":null,"price":120.0,"multiply":1.0,"linesCount":0},"timestamp":1779504018349,"sessionId":"debug-session","runId":"run1","hypothesisId":"A"}
{"location":"JPanelTicket.java:1275","message":"No matching line found, adding new line","data":{},"timestamp":1779504018350,"sessionId":"debug-session","runId":"run1","hypothesisId":"A"}
{"id":"log_1779504018361_display_start","timestamp":1779504018361,"location":"TicketParser.java:208","message":"Display tag found, setting OUTPUT_DISPLAY","data":{"outputType":1,"currentOutputTypeBefore":0},"sessionId":"debug-session","runId":"run1","hypothesisId":"E"}
{"id":"log_1779504022105_entry","timestamp":1779504022105,"location":"JPanelTicket.java:2649","message":"printTicket method entry","data":{"resource":"Printer.TicketTotal","ticketId":0},"sessionId":"debug-session","runId":"run1","hypothesisId":"B"}
{"id":"log_1779504022108_resource","timestamp":1779504022108,"location":"JPanelTicket.java:2815","message":"Resource loaded from DB","data":{"resource":"Printer.TicketTotal","isNull":false,"length":1136,"hasTicketTag":false,"hasDisplayTag":true,"ticketIndex":-1,"displayIndex":822,"ticketFirst":false,"hasValor":false,"hasImporte":false,"hasCode7":false,"hasCode8":false,"hasArticulo12":false,"hasArticulo15":false},"sessionId":"debug-session","runId":"run1","hypothesisId":"B"}
{"id":"log_1779504022115_no_customer_points","timestamp":1779504022115,"location":"JPanelTicket.java:2871","message":"No customer or puntosDataLogic for points calculation","data":{"hasCustomer":false,"hasPuntosDataLogic":true},"sessionId":"debug-session","runId":"run1","hypothesisId":"I"}
{"id":"log_1779504022121_before_velocity_eval","timestamp":1779504022121,"location":"JPanelTicket.java:2777","message":"Before Velocity eval","data":{"resource":"Printer.TicketTotal","hasCustomer":false,"customerId":null,"hasPuntosDataLogic":true},"sessionId":"debug-session","runId":"run1","hypothesisId":"H"}
{"id":"log_1779504022127_processed","timestamp":1779504022127,"location":"JPanelTicket.java:2688","message":"Template processed by Velocity","data":{"resource":"Printer.TicketTotal","xmlLength":1121,"hasTicketTag":false,"hasDisplayTag":true,"ticketTagFirst":false,"xmlPreview":"<?xml version=\"1.0\" encoding=\"UTF-8\"?>\r\n<!-- \r\n    websy arg - Open Source Point Of Sale\r\n    Copyright (c) 2019-2023 websy arg.\r\n\r\n    This program is free software: you can redistribute it and/or modify\r\n    it under the terms of the GNU General Public License as published by\r\n    the Free Software Foundation, either version 3 of the License, or\r\n    (at your option) any later version.\r\n\r\n    This program is distributed in the hope that it will be useful,\r\n    but WITHOUT ANY WARRANTY; without..."},"sessionId":"debug-session","runId":"run1","hypothesisId":"B"}
{"id":"log_1779504022128_before_ttp","timestamp":1779504022128,"location":"JPanelTicket.java:2689","message":"Before m_TTP.printTicket call","data":{"resource":"Printer.TicketTotal"},"sessionId":"debug-session","runId":"run1","hypothesisId":"C"}
{"id":"log_1779504022131_display_start","timestamp":1779504022131,"location":"TicketParser.java:208","message":"Display tag found, setting OUTPUT_DISPLAY","data":{"outputType":1,"currentOutputTypeBefore":0},"sessionId":"debug-session","runId":"run1","hypothesisId":"E"}
{"id":"log_1779504022131_after_ttp","timestamp":1779504022131,"location":"JPanelTicket.java:2689","message":"After m_TTP.printTicket call","data":{"resource":"Printer.TicketTotal","status":"completed"},"sessionId":"debug-session","runId":"run1","hypothesisId":"C"}
{"id":"log_1779504023749_close_ticket","timestamp":1779504023749,"location":"JPanelTicket.java:2628","message":"closeTicket printing logic","data":{"ticketId":2,"printSelected":false,"warrantyPrint":false,"willPrintOriginal":false,"willPrintCopy":false},"sessionId":"debug-session","runId":"run1","hypothesisId":"G"}
{"id":"log_1779504023751_entry","timestamp":1779504023751,"location":"JPanelTicket.java:2649","message":"printTicket method entry","data":{"resource":"Printer.OpenDrawer","ticketId":2},"sessionId":"debug-session","runId":"run1","hypothesisId":"B"}
{"id":"log_1779504023752_resource","timestamp":1779504023752,"location":"JPanelTicket.java:2815","message":"Resource loaded from DB","data":{"resource":"Printer.OpenDrawer","isNull":false,"length":852,"hasTicketTag":false,"hasDisplayTag":false,"ticketIndex":-1,"displayIndex":-1,"ticketFirst":false,"hasValor":false,"hasImporte":false,"hasCode7":false,"hasCode8":false,"hasArticulo12":false,"hasArticulo15":false},"sessionId":"debug-session","runId":"run1","hypothesisId":"B"}
{"id":"log_1779504023753_no_customer_points","timestamp":1779504023753,"location":"JPanelTicket.java:2871","message":"No customer or puntosDataLogic for points calculation","data":{"hasCustomer":false,"hasPuntosDataLogic":true},"sessionId":"debug-session","runId":"run1","hypothesisId":"I"}
{"id":"log_1779504023755_before_velocity_eval","timestamp":1779504023755,"location":"JPanelTicket.java:2777","message":"Before Velocity eval","data":{"resource":"Printer.OpenDrawer","hasCustomer":false,"customerId":null,"hasPuntosDataLogic":true},"sessionId":"debug-session","runId":"run1","hypothesisId":"H"}
{"id":"log_1779504023756_processed","timestamp":1779504023756,"location":"JPanelTicket.java:2688","message":"Template processed by Velocity","data":{"resource":"Printer.OpenDrawer","xmlLength":852,"hasTicketTag":false,"hasDisplayTag":false,"ticketTagFirst":false,"xmlPreview":"<?xml version=\"1.0\" encoding=\"UTF-8\"?>\r\n<!-- \r\n    websy arg - Open Source Point Of Sale\r\n    Copyright (c) 2019-2023 websy arg.\r\n\r\n    This program is free software: you can redistribute it and/or modify\r\n    it under the terms of the GNU General Public License as published by\r\n    the Free Software Foundation, either version 3 of the License, or\r\n    (at your option) any later version.\r\n\r\n    This program is distributed in the hope that it will be useful,\r\n    but WITHOUT ANY WARRANTY; without..."},"sessionId":"debug-session","runId":"run1","hypothesisId":"B"}
{"id":"log_1779504023756_before_ttp","timestamp":1779504023756,"location":"JPanelTicket.java:2689","message":"Before m_TTP.printTicket call","data":{"resource":"Printer.OpenDrawer"},"sessionId":"debug-session","runId":"run1","hypothesisId":"C"}
{"id":"log_1779504023757_after_ttp","timestamp":1779504023757,"location":"JPanelTicket.java:2689","message":"After m_TTP.printTicket call","data":{"resource":"Printer.OpenDrawer","status":"completed"},"sessionId":"debug-session","runId":"run1","hypothesisId":"C"}
{"id":"log_1779560956101_display_start","timestamp":1779560956101,"location":"TicketParser.java:208","message":"Display tag found, setting OUTPUT_DISPLAY","data":{"outputType":1,"currentOutputTypeBefore":0},"sessionId":"debug-session","runId":"run1","hypothesisId":"E"}
{"id":"log_1779560965116_ticket_update_start","timestamp":1779560965116,"location":"JPanelTicket.java:843","message":"Starting Printer.Ticket template update","data":{},"sessionId":"debug-session","runId":"run1","hypothesisId":"A"}
{"id":"log_1779560965118_ticket_content_check","timestamp":1779560965118,"location":"JPanelTicket.java:863","message":"Printer.Ticket template content check","data":{"length":16044,"hasValor":true,"hasImporte":false,"hasCode7":false},"sessionId":"debug-session","runId":"run1","hypothesisId":"A"}
{"id":"log_1779560965125_ticket_updated","timestamp":1779560965125,"location":"JPanelTicket.java:865","message":"Printer.Ticket template updated in DB","data":{"length":16044},"sessionId":"debug-session","runId":"run1","hypothesisId":"A"}
{"id":"log_1779560965129_template_updated","timestamp":1779560965129,"location":"JPanelTicket.java:864","message":"Template Printer.Ticket2 updated in DB","data":{"length":14585,"hasTicket":true,"hasDisplay":true,"ticketFirst":true},"sessionId":"debug-session","runId":"run1","hypothesisId":"F"}
{"id":"log_1779561127231_display_start","timestamp":1779561127231,"location":"TicketParser.java:208","message":"Display tag found, setting OUTPUT_DISPLAY","data":{"outputType":1,"currentOutputTypeBefore":0},"sessionId":"debug-session","runId":"run1","hypothesisId":"E"}
{"id":"log_1779561577030_display_start","timestamp":1779561577030,"location":"TicketParser.java:208","message":"Display tag found, setting OUTPUT_DISPLAY","data":{"outputType":1,"currentOutputTypeBefore":0},"sessionId":"debug-session","runId":"run1","hypothesisId":"E"}
{"id":"log_1779561692039_ticket_update_start","timestamp":1779561692039,"location":"JPanelTicket.java:843","message":"Starting Printer.Ticket template update","data":{},"sessionId":"debug-session","runId":"run1","hypothesisId":"A"}
{"id":"log_1779561692041_ticket_content_check","timestamp":1779561692041,"location":"JPanelTicket.java:863","message":"Printer.Ticket template content check","data":{"length":16044,"hasValor":true,"hasImporte":false,"hasCode7":false},"sessionId":"debug-session","runId":"run1","hypothesisId":"A"}
{"id":"log_1779561692047_ticket_updated","timestamp":1779561692047,"location":"JPanelTicket.java:865","message":"Printer.Ticket template updated in DB","data":{"length":16044},"sessionId":"debug-session","runId":"run1","hypothesisId":"A"}
{"id":"log_1779561692050_template_updated","timestamp":1779561692050,"location":"JPanelTicket.java:864","message":"Template Printer.Ticket2 updated in DB","data":{"length":14585,"hasTicket":true,"hasDisplay":true,"ticketFirst":true},"sessionId":"debug-session","runId":"run1","hypothesisId":"F"}
{"id":"log_1779562110378_display_start","timestamp":1779562110378,"location":"TicketParser.java:208","message":"Display tag found, setting OUTPUT_DISPLAY","data":{"outputType":1,"currentOutputTypeBefore":0},"sessionId":"debug-session","runId":"run1","hypothesisId":"E"}
{"id":"log_1779565225474_display_start","timestamp":1779565225474,"location":"TicketParser.java:208","message":"Display tag found, setting OUTPUT_DISPLAY","data":{"outputType":1,"currentOutputTypeBefore":0},"sessionId":"debug-session","runId":"run1","hypothesisId":"E"}
{"id":"log_1779566628254_display_start","timestamp":1779566628254,"location":"TicketParser.java:208","message":"Display tag found, setting OUTPUT_DISPLAY","data":{"outputType":1,"currentOutputTypeBefore":0},"sessionId":"debug-session","runId":"run1","hypothesisId":"E"}
{"id":"log_1779576819628_display_start","timestamp":1779576819628,"location":"TicketParser.java:208","message":"Display tag found, setting OUTPUT_DISPLAY","data":{"outputType":1,"currentOutputTypeBefore":0},"sessionId":"debug-session","runId":"run1","hypothesisId":"E"}
{"id":"log_1779577211255_display_start","timestamp":1779577211255,"location":"TicketParser.java:208","message":"Display tag found, setting OUTPUT_DISPLAY","data":{"outputType":1,"currentOutputTypeBefore":0},"sessionId":"debug-session","runId":"run1","hypothesisId":"E"}
{"id":"log_1779578852170_display_start","timestamp":1779578852170,"location":"TicketParser.java:208","message":"Display tag found, setting OUTPUT_DISPLAY","data":{"outputType":1,"currentOutputTypeBefore":0},"sessionId":"debug-session","runId":"run1","hypothesisId":"E"}
{"id":"log_1779580136509_display_start","timestamp":1779580136509,"location":"TicketParser.java:208","message":"Display tag found, setting OUTPUT_DISPLAY","data":{"outputType":1,"currentOutputTypeBefore":0},"sessionId":"debug-session","runId":"run1","hypothesisId":"E"}
{"id":"log_1779580355088_display_start","timestamp":1779580355088,"location":"TicketParser.java:208","message":"Display tag found, setting OUTPUT_DISPLAY","data":{"outputType":1,"currentOutputTypeBefore":0},"sessionId":"debug-session","runId":"run1","hypothesisId":"E"}
{"id":"log_1779581586725_display_start","timestamp":1779581586725,"location":"TicketParser.java:208","message":"Display tag found, setting OUTPUT_DISPLAY","data":{"outputType":1,"currentOutputTypeBefore":0},"sessionId":"debug-session","runId":"run1","hypothesisId":"E"}
{"id":"log_1779581810943_display_start","timestamp":1779581810943,"location":"TicketParser.java:208","message":"Display tag found, setting OUTPUT_DISPLAY","data":{"outputType":1,"currentOutputTypeBefore":0},"sessionId":"debug-session","runId":"run1","hypothesisId":"E"}
{"id":"log_1779582116248_display_start","timestamp":1779582116248,"location":"TicketParser.java:208","message":"Display tag found, setting OUTPUT_DISPLAY","data":{"outputType":1,"currentOutputTypeBefore":0},"sessionId":"debug-session","runId":"run1","hypothesisId":"E"}
{"id":"log_1779582987568_display_start","timestamp":1779582987568,"location":"TicketParser.java:208","message":"Display tag found, setting OUTPUT_DISPLAY","data":{"outputType":1,"currentOutputTypeBefore":0},"sessionId":"debug-session","runId":"run1","hypothesisId":"E"}
{"id":"log_1779583269766_display_start","timestamp":1779583269766,"location":"TicketParser.java:208","message":"Display tag found, setting OUTPUT_DISPLAY","data":{"outputType":1,"currentOutputTypeBefore":0},"sessionId":"debug-session","runId":"run1","hypothesisId":"E"}
{"id":"log_1779585387141_display_start","timestamp":1779585387141,"location":"TicketParser.java:208","message":"Display tag found, setting OUTPUT_DISPLAY","data":{"outputType":1,"currentOutputTypeBefore":0},"sessionId":"debug-session","runId":"run1","hypothesisId":"E"}
{"id":"log_1779586063963_display_start","timestamp":1779586063963,"location":"TicketParser.java:208","message":"Display tag found, setting OUTPUT_DISPLAY","data":{"outputType":1,"currentOutputTypeBefore":0},"sessionId":"debug-session","runId":"run1","hypothesisId":"E"}
{"id":"log_1779586396303_display_start","timestamp":1779586396303,"location":"TicketParser.java:208","message":"Display tag found, setting OUTPUT_DISPLAY","data":{"outputType":1,"currentOutputTypeBefore":0},"sessionId":"debug-session","runId":"run1","hypothesisId":"E"}
{"id":"log_1779589270906_display_start","timestamp":1779589270906,"location":"TicketParser.java:208","message":"Display tag found, setting OUTPUT_DISPLAY","data":{"outputType":1,"currentOutputTypeBefore":0},"sessionId":"debug-session","runId":"run1","hypothesisId":"E"}
